HTTP/1.1 200 OK
X-Powered-By: Express
Access-Control-Allow-Origin: *
Content-Type: application/json; charset=utf-8
Content-Length: 69
ETag: W/"45-jtmvHVUaBHcMBAAbduL9fRj6mpk"
Date: Fri, 25 Nov 2022 10:43:51 GMT
Connection: keep-alive
Keep-Alive: timeout=5

{"data":{"accounts":[{"id":"Q29tcGFueTox","name":"Test Company"}]}}
