HTTP/1.1 200 OK
X-Powered-By: Express
Access-Control-Allow-Origin: *
Content-Type: application/json; charset=utf-8
Content-Length: 68
ETag: W/"44-831/hEioQpMr08IyonvlvfKwe8w"
Date: Thu, 15 Dec 2022 12:29:23 GMT
Connection: keep-alive
Keep-Alive: timeout=5

{"data":{"changeEmail":{"id":"VXNlcjox","email":"test@test.com"}}}
