HTTP/1.1 200 OK
X-Powered-By: Express
Access-Control-Allow-Origin: *
Content-Type: application/json; charset=utf-8
Content-Length: 38
ETag: W/"26-8oL/XpG/QVlBX8URydjfpAtsOMU"
Date: Fri, 25 Nov 2022 10:43:51 GMT
Connection: keep-alive
Keep-Alive: timeout=5

{"data":{"viewer":{"id":"VXNlcjox"}}}
