HTTP/1.1 200 OK
X-Powered-By: Express
Access-Control-Allow-Origin: *
Content-Type: application/json; charset=utf-8
Content-Length: 78
ETag: W/"4e-0z56ImZjKVO/v83vAij9NDZFuhY"
Date: Thu, 15 Dec 2022 12:30:26 GMT
Connection: keep-alive
Keep-Alive: timeout=5

{"data":{"sendVerificationEmail":{"id":"VXNlcjox","email":"test@test.com"}}}
